/home/matthias/Documents/Botball/IMU_Extendor_Board/Firmware/Core/Src/main.c:78:5:main	8	static
/home/matthias/Documents/Botball/IMU_Extendor_Board/Firmware/Core/Src/main.c:131:6:SystemClock_Config	88	static
/home/matthias/Documents/Botball/IMU_Extendor_Board/Firmware/Core/Src/main.c:184:13:MX_SPI1_Init	8	static
/home/matthias/Documents/Botball/IMU_Extendor_Board/Firmware/Core/Src/main.c:224:13:MX_SPI2_Init	8	static
/home/matthias/Documents/Botball/IMU_Extendor_Board/Firmware/Core/Src/main.c:264:13:MX_SPI3_Init	8	static
/home/matthias/Documents/Botball/IMU_Extendor_Board/Firmware/Core/Src/main.c:304:13:MX_UART4_Init	8	static
/home/matthias/Documents/Botball/IMU_Extendor_Board/Firmware/Core/Src/main.c:339:13:MX_USB_OTG_FS_PCD_Init	8	static
/home/matthias/Documents/Botball/IMU_Extendor_Board/Firmware/Core/Src/main.c:375:13:MX_GPIO_Init	48	static
/home/matthias/Documents/Botball/IMU_Extendor_Board/Firmware/Core/Src/main.c:455:6:MPU_Config	24	static
/home/matthias/Documents/Botball/IMU_Extendor_Board/Firmware/Core/Src/main.c:486:6:Error_Handler	4	static,ignoring_inline_asm
